node : file:///C:/Users/hemac/.gemini/antigravity/brain/a95c6a5
e-b133-4e80-ab65-e54fb5dfd14b/ExerciseTracker1/server/index.js:
29
At line:1 char:1
+ node index.js 2> error_log.txt
+ ~~~~~~~~~~~~~~~~~~~~~~~~~~~~~~
    + CategoryInfo          : NotSpecified: (file:///C:/User.. 
   .ver/index.js:29:String) [], RemoteException
    + FullyQualifiedErrorId : NativeCommandError
 
    console.log(Server is running on port: );
                ^^^^^^

SyntaxError: missing ) after argument list
    at compileSourceTextModule 
(node:internal/modules/esm/utils:338:16)
    at ModuleLoader.moduleStrategy 
(node:internal/modules/esm/translators:102:18)
    at #translate (node:internal/modules/esm/loader:468:12)
    at ModuleLoader.loadAndTranslate 
(node:internal/modules/esm/loader:515:27)
    at async ModuleJob._link 
(node:internal/modules/esm/module_job:115:19)

Node.js v22.14.0
